// Jest Snapshot v1, https://goo.gl/fbAQLP

exports[`Header snapshot can match a snapshot 1`] = `
<header
  className="sc-bwzfXH bwxuKh"
>
  <div
    className="sc-bxivhb glCqXO"
  >
    <h1>
      hummingbird
    </h1>
    <nav
      className="sc-htpNat kemIxo"
    >
      <ul>
        <li>
          <a
            href="/"
            onClick={[Function]}
          >
            Home
          </a>
        </li>
        <li>
          <a
            href="/hum-feed"
            onClick={[Function]}
          >
            HumFeed
          </a>
        </li>
        <li>
          <a
            href="/profile"
            onClick={[Function]}
          >
            Profile
          </a>
        </li>
      </ul>
    </nav>
  </div>
  <img
    alt="Hummingbird logo"
    src="https://res.cloudinary.com/dkrup6iyl/image/fetch/v1552429847/https://res.cloudinary.com/dkrup6iyl/image/upload/v1552429521/download.png"
  />
</header>
`;
