// Jest Snapshot v1, https://goo.gl/fbAQLP

exports[`Header snapshot can match a snapshot 1`] = `
<header
  className="sc-bwzfXH bwxuKh"
>
  <div
    className="sc-bxivhb glCqXO"
  >
    <h1>
      hummingbird
    </h1>
    <nav
      className="sc-htpNat doBOJi"
    >
      <ul>
        <li>
          <a
            href="/"
            onClick={[Function]}
          >
            Home
          </a>
        </li>
        <li>
          <a
            href="/hum-feed"
            onClick={[Function]}
          >
            HumFeed
          </a>
        </li>
        <li>
          <a
            href="/user"
            onClick={[Function]}
          >
            User
          </a>
        </li>
      </ul>
    </nav>
  </div>
  <img
    alt="Hummingbird logo"
    src="react-mockup/src/assets/logo.png"
  />
</header>
`;
