// Jest Snapshot v1, https://goo.gl/fbAQLP

exports[`Home snapshot can match a snapshot 1`] = `
Array [
  <header
    className="sc-bwzfXH bwxuKh"
  >
    <div
      className="sc-bxivhb glCqXO"
    >
      <h1>
        hummingbird
      </h1>
      <nav
        className="sc-htpNat doBOJi"
      >
        <ul>
          <li>
            <a
              href="/"
              onClick={[Function]}
            >
              Home
            </a>
          </li>
          <li>
            <a
              href="/hum-feed"
              onClick={[Function]}
            >
              HumFeed
            </a>
          </li>
          <li>
            <a
              href="/user"
              onClick={[Function]}
            >
              User
            </a>
          </li>
        </ul>
      </nav>
    </div>
    <img
      alt="Hummingbird logo"
      src="react-mockup/src/assets/logo.png"
    />
  </header>,
  <main>
    <section
      className="sc-bZQynM kidrJY"
    >
      <h2>
        Log-in
      </h2>
      <form>
        <label
          htmlFor="username"
        >
          Username:
        </label>
        <input
          name="username"
          type="text"
        />
        <label
          htmlFor="password"
        >
          Password:
        </label>
        <input
          name="password"
          type="password"
        />
        <button>
          Sign-in
        </button>
      </form>
    </section>
    <section
      className="sc-EHOje hEbVQK"
    >
      <h3>
        Trending
      </h3>
      <ul>
        <li>
          #OhWhatABeautifulMorning
        </li>
        <li>
          #SimAlchemy
        </li>
        <li>
          #WorstTravelStories
        </li>
        <li>
          #RainbowBagelsRBack
        </li>
        <li>
          #Banana
        </li>
      </ul>
    </section>
  </main>,
  <footer
    className="sc-bdVaJa ilWQSg"
  >
    <p>
      © Hummingbird, 2019
    </p>
  </footer>,
]
`;
