// Jest Snapshot v1, https://goo.gl/fbAQLP

exports[`Home snapshot can match a snapshot 1`] = `
Array [
  <header
    className="sc-bdVaJa gSBsAX"
  >
    <div
      className="sc-htpNat dePyzG"
    >
      <h1>
        hummingbird
      </h1>
      <nav
        className="sc-bwzfXH kRgTHW"
      >
        <ul>
          <li>
            <a
              href="/"
              onClick={[Function]}
            >
              Home
            </a>
          </li>
          <li>
            <a
              href="/hum-feed"
              onClick={[Function]}
            >
              HumFeed
            </a>
          </li>
          <li>
            <a
              href="/user"
              onClick={[Function]}
            >
              User
            </a>
          </li>
        </ul>
      </nav>
    </div>
    <img
      alt="Hummingbird logo"
      src="react-mockup/src/assets/logo.png"
    />
  </header>,
  <main>
    <section
      className="sc-EHOje iKxbBM"
    >
      <h2>
        Log-in
      </h2>
      <label
        htmlFor="username"
      >
        Username:
      </label>
      <input
        name="username"
        type="text"
      />
      <label
        htmlFor="password"
      >
        Password:
      </label>
      <input
        name="password"
        type="password"
      />
      <button>
        Sign-in
      </button>
    </section>
    <section
      className="sc-bxivhb eRTQDF"
    >
      <h3>
        Trending
      </h3>
      <ul>
        <li>
          #OhWhatABeautifulMorning
        </li>
        <li>
          #SimAlchemy
        </li>
        <li>
          #WorstTravelStories
        </li>
        <li>
          #RainbowBagelsRBack
        </li>
        <li>
          #Banana
        </li>
      </ul>
    </section>
  </main>,
  <footer
    className="sc-ifAKCX hTtQZu"
  >
    <p>
      © Hummingbird, 2019
    </p>
  </footer>,
]
`;
