// Jest Snapshot v1, https://goo.gl/fbAQLP

exports[`Humfeed Snapshot can match a snapshot 1`] = `
Array [
  <header>
    <img
      alt="Hummingbird logo"
      src="react-mockup/src/assets/logo.png"
    />
    <nav>
      <p>
        <a
          href="/"
          onClick={[Function]}
        >
          Home
        </a>
      </p>
      <p>
        <a
          href="/hum-feed"
          onClick={[Function]}
        >
          HumFeed
        </a>
      </p>
      <p>
        <a
          href="/user"
          onClick={[Function]}
        >
          Example User
        </a>
      </p>
    </nav>
  </header>,
  <main>
    <section>
      <h2>
        Your feed
      </h2>
      <form>
        <input
          name="hum"
          type="text"
        />
        <button>
          Add new post!
        </button>
      </form>
      <section>
        <div>
          <img
            alt="user icon"
            src="react-mockup/src/assets/user-image.png"
            width="100px"
          />
          <a
            href="/userprofile"
          >
            @username
          </a>
          <p>
            Lorem ipsum dolor sit amet consectetur adipisicing elit. Voluptatem dolore eveniet voluptates officia repellat vitae qui accusamus suscipit eum, illum odit exercitationem sint similique reprehenderit incidunt eaque, maxime eligendi dolor?
          </p>
        </div>
        <div>
          <img
            alt="user icon"
            src="react-mockup/src/assets/user-image.png"
            width="100px"
          />
          <a
            href="/userprofile"
          >
            @username
          </a>
          <p>
            Lorem ipsum dolor sit amet consectetur adipisicing elit. Voluptatem dolore eveniet voluptates officia repellat vitae qui accusamus suscipit eum, illum odit exercitationem sint similique reprehenderit incidunt eaque, maxime eligendi dolor?
          </p>
        </div>
        <div>
          <img
            alt="user icon"
            src="react-mockup/src/assets/user-image.png"
            width="100px"
          />
          <a
            href="/userprofile"
          >
            @username
          </a>
          <p>
            Lorem ipsum dolor sit amet consectetur adipisicing elit. Voluptatem dolore eveniet voluptates officia repellat vitae qui accusamus suscipit eum, illum odit exercitationem sint similique reprehenderit incidunt eaque, maxime eligendi dolor?
          </p>
        </div>
      </section>
    </section>
  </main>,
  <footer>
    <p>
      © Hummingbird, 2019
    </p>
  </footer>,
]
`;
