// Jest Snapshot v1, https://goo.gl/fbAQLP

exports[`HumForm snapshot can match a snapshot 1`] = `
<div
  className="sc-bwzfXH vPVmS"
>
  <form>
    <label
      htmlFor="hum"
    >
      <p>
        post a new hum
      </p>
      <input
        name="hum"
        type="text"
      />
    </label>
    <button>
      add new hum
    </button>
  </form>
</div>
`;
