// Jest Snapshot v1, https://goo.gl/fbAQLP

exports[`HumsByUser snapshot can match a snapshot 1`] = `
<section
  className="sc-bxivhb hggFOb"
>
  <h3>
    hums by user!
  </h3>
  <div>
    <p>
      Hum hum hum. bother. bother. bother.
    </p>
  </div>
  <div>
    <p>
      Hum hum hum. bother. bother. bother.
    </p>
  </div>
  <div>
    <p>
      Hum hum hum. bother. bother. bother.
    </p>
  </div>
  <div>
    <p>
      Hum hum hum. bother. bother. bother.
    </p>
  </div>
  <div>
    <p>
      Hum hum hum. bother. bother. bother.
    </p>
  </div>
  <div>
    <p>
      Hum hum hum. bother. bother. bother.
    </p>
  </div>
</section>
`;
