// Jest Snapshot v1, https://goo.gl/fbAQLP

exports[`Hums snapshot can match a snapshot 1`] = `
<section>
  <div
    className="sc-bdVaJa laBngi"
  >
    <img
      src="../assets/user-image.png"
    />
    <a
      href="/users/{handle.id}"
      onClick={[Function]}
    >
      @
      yolo
    </a>
    <p>
      this is my first hum
    </p>
  </div>
  <div
    className="sc-bdVaJa laBngi"
  >
    <img
      src="../assets/user-image.png"
    />
    <a
      href="/users/{handle.id}"
      onClick={[Function]}
    >
      @
      yol0
    </a>
    <p>
      this is my second hum
    </p>
  </div>
  <div
    className="sc-bdVaJa laBngi"
  >
    <img
      src="../assets/user-image.png"
    />
    <a
      href="/users/{handle.id}"
      onClick={[Function]}
    >
      @
      y0lo
    </a>
    <p>
      this is my third hum
    </p>
  </div>
  <div
    className="sc-bdVaJa laBngi"
  >
    <img
      src="../assets/user-image.png"
    />
    <a
      href="/users/{handle.id}"
      onClick={[Function]}
    >
      @
      y0l0
    </a>
    <p>
      this is my fourth hum
    </p>
  </div>
</section>
`;
