// Jest Snapshot v1, https://goo.gl/fbAQLP

exports[`Hums snapshot can match a snapshot 1`] = `
<section>
  <div
    className="sc-bdVaJa laBngi"
  >
    <p>
      @
      yolo
    </p>
    <p>
      this is my first hum
    </p>
  </div>
  <div
    className="sc-bdVaJa laBngi"
  >
    <p>
      @
      yol0
    </p>
    <p>
      this is my second hum
    </p>
  </div>
  <div
    className="sc-bdVaJa laBngi"
  >
    <p>
      @
      y0lo
    </p>
    <p>
      this is my third hum
    </p>
  </div>
  <div
    className="sc-bdVaJa laBngi"
  >
    <p>
      @
      y0l0
    </p>
    <p>
      this is my fourth hum
    </p>
  </div>
  <div
    className="sc-bdVaJa laBngi"
  >
    <img
      alt="user icon"
      src="react-mockup/src/assets/user-image.png"
    />
    <a
      href="/userprofile"
    >
      @username
    </a>
    <p>
      Lorem ipsum dolor sit amet consectetur adipisicing elit. Voluptatem dolore eveniet voluptates officia repellat vitae qui accusamus suscipit eum, illum odit exercitationem sint similique reprehenderit incidunt eaque, maxime eligendi dolor?
    </p>
  </div>
  <div
    className="sc-bdVaJa laBngi"
  >
    <img
      alt="user icon"
      src="react-mockup/src/assets/user-image.png"
      width="100px"
    />
    <a
      href="/userprofile"
    >
      @username
    </a>
    <p>
      Lorem ipsum dolor sit amet consectetur adipisicing elit. Voluptatem dolore eveniet voluptates officia repellat vitae qui accusamus suscipit eum, illum odit exercitationem sint similique reprehenderit incidunt eaque, maxime eligendi dolor?
    </p>
  </div>
  <div
    className="sc-bdVaJa laBngi"
  >
    <img
      alt="user icon"
      src="react-mockup/src/assets/user-image.png"
      width="100px"
    />
    <a
      href="/userprofile"
    >
      @username
    </a>
    <p>
      Lorem ipsum dolor sit amet consectetur adipisicing elit. Voluptatem dolore eveniet voluptates officia repellat vitae qui accusamus suscipit eum, illum odit exercitationem sint similique reprehenderit incidunt eaque, maxime eligendi dolor?
    </p>
  </div>
</section>
`;
