// Jest Snapshot v1, https://goo.gl/fbAQLP

exports[`Login snapshot can match a snapshot 1`] = `
<section
  className="sc-htpNat bbYap"
>
  <h2>
    Log-in
  </h2>
  <form>
    <label
      htmlFor="username"
    >
      Username:
    </label>
    <input
      name="username"
      type="text"
    />
    <label
      htmlFor="password"
    >
      Password:
    </label>
    <input
      name="password"
      type="password"
    />
    <button>
      Sign-in
    </button>
  </form>
</section>
`;
