// Jest Snapshot v1, https://goo.gl/fbAQLP

exports[`TopPosts snapshot can match a snapshot 1`] = `
<section
  className="sc-bwzfXH kzHqnA"
>
  <h3>
    Trending
  </h3>
  <ul>
    <li>
      #OhWhatABeautifulMorning
    </li>
    <li>
      #SimAlchemy
    </li>
    <li>
      #WorstTravelStories
    </li>
    <li>
      #RainbowBagelsRBack
    </li>
    <li>
      #Banana
    </li>
  </ul>
</section>
`;
