// Jest Snapshot v1, https://goo.gl/fbAQLP

exports[`UserInfo snapshot can match a snapshot 1`] = `
<section
  className="sc-bdVaJa IFmCm"
>
  <img
    alt="user icon"
    src="react-mockup/src/assets/user-image.png"
    width="100px"
  />
  <div>
    <h3>
      @username
    </h3>
    <p>
      Location, Country
    </p>
    <p>
      website: 
      <a
        alt="user website"
        href="/"
      >
        website
      </a>
    </p>
    <p>
      Bio. A little bit about user 247.
    </p>
  </div>
</section>
`;
