// Jest Snapshot v1, https://goo.gl/fbAQLP

exports[`UserDetail snapshot can match a snapshot 1`] = `
Array [
  <header
    className="sc-EHOje fvymVf"
  >
    <div
      className="sc-gzVnrw kvhoeX"
    >
      <h1>
        hummingbird
      </h1>
      <nav
        className="sc-bZQynM GkZsp"
      >
        <ul>
          <li>
            <a
              href="/"
              onClick={[Function]}
            >
              Home
            </a>
          </li>
          <li>
            <a
              href="/hum-feed"
              onClick={[Function]}
            >
              HumFeed
            </a>
          </li>
          <li>
            <a
              href="/user"
              onClick={[Function]}
            >
              User
            </a>
          </li>
        </ul>
      </nav>
    </div>
    <img
      alt="Hummingbird logo"
      src="react-mockup/src/assets/logo.png"
    />
  </header>,
  <main>
    <section
      className="sc-bdVaJa IFmCm"
    >
      <img
        alt="user icon"
        src="react-mockup/src/assets/user-image.png"
        width="100px"
      />
      <div>
        <h3>
          @username
        </h3>
        <p>
          Location, Country
        </p>
        <p>
          website: 
          <a
            alt="user website"
            href="/"
          >
            website
          </a>
        </p>
        <p>
          Bio. A little bit about user 247.
        </p>
      </div>
    </section>
    <div
      className="sc-dnqmqq jeowEM"
    >
      <form>
        <label
          htmlFor="hum"
        >
          <p>
            post a new hum
          </p>
          <input
            name="hum"
            type="text"
          />
        </label>
        <button>
          add new hum
        </button>
      </form>
    </div>
    <section
      className="sc-bxivhb hggFOb"
    >
      <h3>
        hums by user!
      </h3>
      <div>
        <p>
          Hum hum hum. bother. bother. bother.
        </p>
      </div>
      <div>
        <p>
          Hum hum hum. bother. bother. bother.
        </p>
      </div>
      <div>
        <p>
          Hum hum hum. bother. bother. bother.
        </p>
      </div>
      <div>
        <p>
          Hum hum hum. bother. bother. bother.
        </p>
      </div>
      <div>
        <p>
          Hum hum hum. bother. bother. bother.
        </p>
      </div>
      <div>
        <p>
          Hum hum hum. bother. bother. bother.
        </p>
      </div>
    </section>
  </main>,
  <footer
    className="sc-ifAKCX kaGAvT"
  >
    <p>
      © Hummingbird, 2019
    </p>
  </footer>,
]
`;
